;; inventory: examples/inventory.scm (1 top-level ops)
2e892a95  └─ for-each-into regions (3)
46554c3e     ├─ merge
5a2abb6b     ├─ merge
f0176e30     ├─ case
0a63326e     │  ├─ merge
98576813     │  ├─ merge
6da80bc5     │  └─ merge
2cfc050e     ├─ case
d4349e04     │  ├─ merge
6bf6bc86     │  ├─ merge
787dea3b     │  └─ append features
b74d8758     ├─ case
83aec629     │  ├─ merge
e27840aa     │  ├─ merge
a9a65144     │  ├─ append features
c8c5871c     │  ├─ merge
b02c98b6     │  └─ append features
78fdeb7c     ├─ when
6b92a9fb     │  ├─ namespace tintin
3032748e     │  │  ├─ resource Namespace/tintin
98277c89     │  │  ├─ cluster-rbac
1fccc3bf     │  │  │  ├─ resource ServiceAccount/tintin
2f9706d0     │  │  │  ├─ resource ClusterRole/tintin
feaa6b6b     │  │  │  └─ resource ClusterRoleBinding/tintin
c2359719     │  │  ├─ public-app
04936155     │  │  │  ├─ expose
a1860721     │  │  │  │  └─ resource Deployment/tintin
53f73eb5     │  │  │  └─ resource Ingress/tintin
47a6e273     │  │  ├─ resource ConfigMap/tintin-config
33c4315f     │  │  └─ resource Secret/tintin-secret
71a277dc     │  ├─ namespace loulou
40074094     │  │  ├─ resource Namespace/loulou
c10cbd01     │  │  ├─ app
8c56af16     │  │  │  └─ expose
d174b36b     │  │  │     └─ resource Deployment/loulou
bd7157ef     │  │  ├─ resource ConfigMap/loulou-config
37179c43     │  │  └─ resource Secret/loulou-secret
6e5cba5c     │  ├─ transform-resources
7b1ef133     │  ├─ checksum-config
94e1a1ae     │  └─ compliance-all
de4160af     │     ├─ compliance-check resources-set
4bbab76a     │     ├─ compliance-check cpu-limit-ge-request
fcc966ab     │     ├─ compliance-check memory-limit-equals-request
cef168db     │     ├─ compliance-check image-registry:secure.io
c7b68516     │     └─ compliance-check no-privileged
f29df76d     ├─ when
49af6753     │  ├─ annotate-all
6e72456f     │  └─ label-all
f61c64e9     └─ when
b42a79aa        └─ merge
