((attributes)
 (kubernetes_resources
  ((apiVersion . "v1")
   (kind . "Namespace")
   (metadata
    (name . "tintin")
    (labels (kubernetes.io/metadata.name . "tintin"))))
  ((apiVersion . "v1")
   (kind . "ServiceAccount")
   (metadata
    (namespace . "tintin")
    (name . "tintin")
    (labels (app . "tintin"))))
  ((apiVersion . "rbac.authorization.k8s.io/v1")
   (kind . "ClusterRole")
   (metadata (name . "tintin") (labels (app . "tintin")))
   (rules ((apiGroups "")
           (resources "configmaps" "secrets")
           (verbs "get" "list" "watch"))
          ((apiGroups "") (resources "pods" "services") (verbs "get" "list"))
          ((apiGroups "apps")
           (resources "deployments")
           (verbs "get" "list" "watch"))))
  ((apiVersion . "rbac.authorization.k8s.io/v1")
   (kind . "ClusterRoleBinding")
   (metadata (name . "tintin") (labels (app . "tintin")))
   (roleRef
    (apiGroup . "rbac.authorization.k8s.io")
    (kind . "ClusterRole")
    (name . "tintin"))
   (subjects
    ((kind . "ServiceAccount") (name . "tintin") (namespace . "tintin"))))
  ((apiVersion . "apps/v1")
   (kind . "Deployment")
   (metadata
    (namespace . "tintin")
    (name . "tintin")
    (labels (app . "tintin")))
   (spec (replicas . 2)
         (selector (matchLabels (app . "tintin")))
         (template
          (metadata
           (labels (app . "tintin"))
           (annotations (config/checksum . "19f8cb80445ec3eb")))
          (spec (serviceAccountName . "tintin")
                (containers
                 ((name . "tintin")
                  (image . "secure.io/tintin:1.0")
                  (ports ((containerPort . 8080)))
                  (envFrom ((configMapRef (name . "tintin-config"))))
                  (volumeMounts
                   ((name . "secret-tintin-secret")
                    (mountPath . "/etc/tintin/secret")))
                  (resources
                   (requests (cpu . "100m") (memory . "128Mi"))
                   (limits (cpu . "500m") (memory . "128Mi")))))
                (volumes
                 ((name . "secret-tintin-secret")
                  (secret (secretName . "tintin-secret"))))))))
  ((apiVersion . "v1")
   (kind . "Service")
   (metadata
    (namespace . "tintin")
    (name . "tintin")
    (labels (app . "tintin")))
   (spec (selector (app . "tintin"))
         (ports ((name . "http") (port . 8080) (targetPort . 8080)))))
  ((apiVersion . "networking.k8s.io/v1")
   (kind . "Ingress")
   (metadata
    (namespace . "tintin")
    (name . "tintin")
    (labels (app . "tintin")))
   (spec (rules ((host . "tintin.example.com")
                 (http (paths ((path . "/")
                               (pathType . "Prefix")
                               (backend
                                (service
                                 (name . "tintin")
                                 (port (number . 8080)))))))))
         (tls ((hosts "tintin.example.com") (secretName . "tintin-tls")))))
  ((apiVersion . "v1")
   (kind . "ConfigMap")
   (metadata
    (namespace . "tintin")
    (name . "tintin-config")
    (labels (app . "tintin-config")))
   (data (LOG_LEVEL . "info") (FEATURE_MOON . "true") (REGION . "alpha5")))
  ((apiVersion . "v1")
   (kind . "Secret")
   (metadata
    (namespace . "tintin")
    (name . "tintin-secret")
    (labels (app . "tintin-secret")))
   (type . "Opaque")
   (data (API_TOKEN . "dGludGluLXRva2Vu")))
  ((apiVersion . "v1")
   (kind . "Namespace")
   (metadata
    (name . "loulou")
    (labels (kubernetes.io/metadata.name . "loulou"))))
  ((apiVersion . "apps/v1")
   (kind . "Deployment")
   (metadata
    (namespace . "loulou")
    (name . "loulou")
    (labels (app . "loulou")))
   (spec (replicas . 2)
         (selector (matchLabels (app . "loulou")))
         (template
          (metadata
           (labels (app . "loulou"))
           (annotations (config/checksum . "2c613c8984e20dd")))
          (spec (containers
                 ((name . "loulou")
                  (image . "secure.io/loulou:2.1")
                  (ports ((containerPort . 9000)))
                  (envFrom ((configMapRef (name . "loulou-config"))))
                  (volumeMounts
                   ((name . "secret-loulou-secret")
                    (mountPath . "/etc/loulou/secret")))
                  (resources
                   (requests (cpu . "200m") (memory . "256Mi"))
                   (limits (memory . "256Mi")))))
                (volumes
                 ((name . "secret-loulou-secret")
                  (secret (secretName . "loulou-secret"))))))))
  ((apiVersion . "v1")
   (kind . "Service")
   (metadata
    (namespace . "loulou")
    (name . "loulou")
    (labels (app . "loulou")))
   (spec (selector (app . "loulou"))
         (ports ((name . "http") (port . 9000) (targetPort . 9000)))))
  ((apiVersion . "v1")
   (kind . "ConfigMap")
   (metadata
    (namespace . "loulou")
    (name . "loulou-config")
    (labels (app . "loulou-config")))
   (data (LOG_LEVEL . "debug") (CACHE_SIZE . "256")))
  ((apiVersion . "v1")
   (kind . "Secret")
   (metadata
    (namespace . "loulou")
    (name . "loulou-secret")
    (labels (app . "loulou-secret")))
   (type . "Opaque")
   (data (DB_PASSWORD . "bG91bG91LXNlY3JldA==")))))
