CREATE TABLE public.users (
  id SERIAL PRIMARY KEY,
  email TEXT NOT NULL UNIQUE,
  name TEXT NOT NULL,
  active BOOLEAN NOT NULL DEFAULT TRUE,
  balance NUMERIC(12, 2) NOT NULL DEFAULT 0,
  created_at TIMESTAMP NOT NULL DEFAULT now(),
  updated_at TIMESTAMP NOT NULL DEFAULT now()
);

CREATE TABLE public.accounts (
  id SERIAL PRIMARY KEY,
  user_id INTEGER NOT NULL REFERENCES users (id),
  kind VARCHAR(32) NOT NULL CHECK (kind IN ('free', 'pro', 'team')),
  created_at TIMESTAMP NOT NULL DEFAULT now(),
  updated_at TIMESTAMP NOT NULL DEFAULT now()
);

CREATE TABLE public.posts (
  id SERIAL PRIMARY KEY,
  author_id INTEGER NOT NULL REFERENCES users (id),
  title TEXT NOT NULL,
  body TEXT,
  published BOOLEAN NOT NULL DEFAULT FALSE,
  published_at TIMESTAMP,
  created_at TIMESTAMP NOT NULL DEFAULT now(),
  updated_at TIMESTAMP NOT NULL DEFAULT now()
);

CREATE TABLE public.tags (
  id SERIAL PRIMARY KEY,
  label TEXT NOT NULL UNIQUE
);

CREATE TABLE public.post_tags (
  post_id INTEGER NOT NULL REFERENCES posts (id),
  tag_id INTEGER NOT NULL REFERENCES tags (id),
  PRIMARY KEY (post_id, tag_id)
);

CREATE TABLE public.comments (
  id SERIAL PRIMARY KEY,
  post_id INTEGER NOT NULL REFERENCES posts (id),
  author_id INTEGER NOT NULL REFERENCES users (id),
  body TEXT NOT NULL,
  created_at TIMESTAMP NOT NULL DEFAULT now(),
  updated_at TIMESTAMP NOT NULL DEFAULT now()
);

CREATE INDEX idx_posts_author_id ON public.posts (author_id);

CREATE INDEX idx_posts_published_published_at ON public.posts (published, published_at);

CREATE INDEX idx_comments_post_id ON public.comments (post_id);

CREATE UNIQUE INDEX idx_users_email ON public.users (email);

