;; inventory: examples/terraform.scm (11 top-level ops)
f8ab09ca  ├─ terraform
483b012a  ├─ provider aws
54ff5cf1  ├─ provider openstack
f5698f63  ├─ aws-rds
1a9eec6a  │  ├─ terraform aws_security_group.api-db-sg
40fca3d7  │  ├─ terraform aws_db_instance.api-db
7fcdcf52  │  ├─ set terraform_outputs.aws_db_instance.api-db.endpoint
25eec502  │  └─ set terraform_outputs.aws_db_instance.api-db.port
e4d536f3  ├─ aws-lb
3733cf7c  │  ├─ terraform aws_lb.frontend-lb
71639acd  │  ├─ terraform aws_lb_target_group.frontend-lb
2d602dc8  │  ├─ terraform aws_lb_listener.frontend-lb
0e3f279f  │  └─ set terraform_outputs.aws_lb.frontend-lb.dns_name
929b8871  ├─ terraform openstack_compute_keypair_v2.deployer
9448494f  ├─ terraform openstack_networking_network_v2.internal
5aa38044  ├─ terraform openstack_networking_subnet_v2.internal
8b087bda  ├─ web-security-group
c591bcdf  │  ├─ terraform openstack_networking_secgroup_v2.web
3436a3f2  │  └─ terraform openstack_networking_secgroup_rule_v2.web-http
ef7a020a  ├─ web-fleet
2009a9b9  │  ├─ terraform openstack_compute_instance_v2.app-1
41a2a18b  │  └─ terraform openstack_compute_instance_v2.app-2
55ca84fa  └─ metadata-all
